Requesting a Cloud Shell.Succeeded. 
Connecting terminal...

Welcome to Azure Cloud Shell

Type "az" to use Azure CLI
Type "help" to learn about Cloud Shell

th [ ~ ]$ git clone https://github.com/Tungwoon/HTML-Resume.git
Cloning into 'HTML-Resume'...
remote: Enumerating objects: 29, done.
remote: Counting objects: 100% (29/29), done.
remote: Compressing objects: 100% (20/20), done.
remote: Total 29 (delta 2), reused 20 (delta 2), pack-reused 0
Receiving objects: 100% (29/29), 526.52 KiB | 18.80 MiB/s, done.
Resolving deltas: 100% (2/2), done.
th [ ~ ]$ ls
clouddrive  HTML-Resume
th [ ~ ]$ cd html-resume
bash: cd: html-resume: No such file or directory
th [ ~ ]$ cd HTML-Resume
th [ ~/HTML-Resume ]$ ls
Files  images  index.html  style.css
th [ ~/HTML-Resume ]$ cd ..
th [ ~ ]$ git config --global user.email "woonth@gmail.com"
th [ ~ ]$ git config --global user.name "Tung Hor Woon"
th [ ~ ]$ cd HTML-Resume
th [ ~/HTML-Resume ]$ ls
Files  images  index.html  style.css
th [ ~/HTML-Resume ]$ git inti
git: 'inti' is not a git command. See 'git --help'.

The most similar command is
        init
th [ ~/HTML-Resume ]$ git init
Reinitialized existing Git repository in /home/th/HTML-Resume/.git/
th [ ~/HTML-Resume ]$ git add .
th [ ~/HTML-Resume ]$ git commit -m "Azure 1.0"
On branch master
Your branch is up to date with 'origin/master'.

nothing to commit, working tree clean
th [ ~/HTML-Resume ]$ az webapp deployment source config-local-git --name tungresume --resourcegroup project_resume
unrecognized arguments: --resourcegroup project_resume

Examples from AI knowledge base:
az webapp deployment source config-local-git --name MyUniqueApp
Get a URL for a git repository endpoint to clone and push to for web app deployment. (autogenerated)

az webapp deployment source config-local-git --name MyUniqueApp --resource-group MyResourceGroup
Get a URL for a git repository endpoint to clone and push to for web app deployment. (autogenerated)

https://docs.microsoft.com/en-US/cli/azure/webapp/deployment/source#az_webapp_deployment_source_config_local_git
Read more about the command in reference docs
th [ ~/HTML-Resume ]$ az webapp deployment source config-local-git --name tungresume --resource-group project_resume
{
  "url": "https://None@tungresume.scm.azurewebsites.net/tungresume.git"
}
th [ ~/HTML-Resume ]$ az webapp deployment list-publishing-credentials --name tungresume --resource-group project_resume
{
  "id": "/subscriptions/09e71846-0fdc-4076-8480-0fe6bdbf07c4/resourceGroups/project_resume/providers/Microsoft.Web/sites/tungresume/publishingcredentials/$tungresume",
  "kind": null,
  "location": "Southeast Asia",
  "name": "tungresume",
  "publishingPassword": "xlj3sZc9PC67mmwnytFc8olF5PsY8cph7k6xgCTbdKXD1NmGD3TzNgPDfJZr",
  "publishingPasswordHash": null,
  "publishingPasswordHashSalt": null,
  "publishingUserName": "$tungresume",
  "resourceGroup": "project_resume",
  "scmUri": "https://$tungresume:xlj3sZc9PC67mmwnytFc8olF5PsY8cph7k6xgCTbdKXD1NmGD3TzNgPDfJZr@tungresume.scm.azurewebsites.net",
  "tags": {},
  "type": "Microsoft.Web/sites/publishingcredentials"
}
th [ ~/HTML-Resume ]$ git remote add azure 'https://$tungresume:xlj3sZc9PC67mmwnytFc8olF5PsY8cph7k6xgCTbdKXD1NmGD3TzNgPDfJZr@tungresume.scm.azurewebsites.net'
th [ ~/HTML-Resume ]$ git push azure master
Enumerating objects: 20, done.
Counting objects: 100% (20/20), done.
Delta compression using up to 3 threads
Compressing objects: 100% (17/17), done.
Writing objects: 100% (20/20), 524.70 KiB | 104.94 MiB/s, done.
Total 20 (delta 2), reused 20 (delta 2), pack-reused 0
remote: Updating branch 'master'.
remote: Updating submodules.
remote: Preparing deployment for commit id 'd41136cbcc'.
remote: Generating deployment script.
remote: Generating deployment script for Web Site
remote: Running deployment command...
remote: Handling Basic Web Site deployment.
remote: Creating app_offline.htm
remote: KuduSync.NET from: 'C:\home\site\repository' to: 'C:\home\site\wwwroot'
remote: Deleting file: 'hostingstart.html'
remote: Copying file: '.gitignore'
remote: Copying file: 'index.html'
remote: Copying file: 'style.css'
remote: Copying file: 'Files\Tung Hor WOON Resume 2023.pdf'
remote: Copying file: 'images\In-Blue-14.png'
remote: Copying file: 'images\Profile.jpg'
remote: Deleting app_offline.htm
remote: Finished successfully.
remote: Running post deployment command(s)...
remote: Triggering recycle (preview mode disabled).
remote: Deployment successful.
To https://tungresume.scm.azurewebsites.net
 * [new branch]      master -> master
th [ ~/HTML-Resume ]$